// Jest Snapshot v1, https://goo.gl/fbAQLP

exports[`<LinkedInModal /> render correctly 1`] = `
<Modal
  animationType="slide"
  hardwareAccelerated={false}
  transparent={false}
  visible={true}
>
  <WebView
    domStorageEnabled={true}
    javaScriptEnabled={true}
    onNavigationStateChange={[Function]}
    source={
      Object {
        "uri": "https://www.linkedin.com/uas/oauth2/authorization?client_id=clientID&redirect_uri=https%3A%2F%2Fxaviercarpentier.fr&response_type=code&scope=r_basicprofile%20r_emailaddress&state=authState",
      }
    }
    startInLoadingState={true}
  />
</Modal>
`;
